---
source: tests/tekenizer_tests.rs
expression: chars
---
"123456"
