---
source: tests/tekenizer_tests.rs
expression: tokens
---
Ok(
    [
        Token {
            kind: "string",
            raw: "i'm string \\\"",
            span: Span {
                start: 1,
                end: 14,
            },
        },
    ],
)
